C51 COMPILER V9.00   MAIN                                                                  07/10/2016 22:14:07 PAGE 1   


C51 COMPILER V9.00, COMPILATION OF MODULE MAIN
OBJECT MODULE PLACED IN .\main.obj
COMPILER INVOKED BY: C:\Keil\C51\BIN\C51.EXE ..\..\app\main.c COMPACT BROWSE INCDIR(..\..\sys;..\..\app;..\..\hal) DEBUG
                    - OBJECTEXTEND PRINT(.\main.lst) OBJECT(.\main.obj)

line level    source

   1          #include "sys.h"
   2          
   3          int main(void)
   4          {
   5   1          SysInit();
   6   1          while(1)
   7   1          {
   8   2              SysPoll();
   9   2          }
  10   1          //return 0;
  11   1      }


MODULE INFORMATION:   STATIC OVERLAYABLE
   CODE SIZE        =      8    ----
   CONSTANT SIZE    =   ----    ----
   XDATA SIZE       =   ----    ----
   PDATA SIZE       =   ----    ----
   DATA SIZE        =   ----    ----
   IDATA SIZE       =   ----    ----
   BIT SIZE         =   ----    ----
END OF MODULE INFORMATION.


C51 COMPILATION COMPLETE.  0 WARNING(S),  0 ERROR(S)
